
Memory Configuration

Name             Origin             Length             Attributes
FLASH            0x08000000         0x00080000         xr
SRAM             0x20000000         0x00020000         xrw
*default*        0x00000000         0xffffffff

Linker script and memory map

LOAD main.o
LOAD GPIO_Prog.o
LOAD SysTick_Prog.o
LOAD RCC_Prog.o
LOAD Startup.o

.text           0x08000000      0xec0
 *(.isr_vector)
 .isr_vector    0x08000000      0x1c4 Startup.o
                0x08000000                Vectors
 *(.text)
 .text          0x080001c4       0x40 main.o
                0x080001c4                main
 .text          0x08000204      0x4ac GPIO_Prog.o
                0x08000204                GPIO_u8PinInit
                0x08000428                GPIO_u8SetPinValue
                0x08000508                GPIO_u8TogglePinValue
                0x080005d4                GPIO_u8ReadPinValue
 .text          0x080006b0      0x1d4 SysTick_Prog.o
                0x080006b0                SysTick_Init
                0x08000710                SysTick_Delayus
                0x08000784                SysTick_Delayms
                0x080007a4                SysTick_InterruptTimer_ms
                0x08000818                SysTick_DisableInterrupt
                0x08000834                Systick_InterruptSetCallBack
                0x08000868                SysTick_Handler
 .text          0x08000884      0x5b8 RCC_Prog.o
                0x08000884                RCC_SetSysClock
                0x080008c4                RCC_SetClockStatus
                0x08000ae4                RCC_PLLMConfig
                0x08000ba8                RCC_AHBConfig
                0x08000be8                RCC_APBConfig
                0x08000c48                RCC_AHB1EnableClock
                0x08000c78                RCC_AHB1DisableClock
                0x08000cac                RCC_AHB2EnableClock
                0x08000cdc                RCC_AHB2DisableClock
                0x08000d10                RCC_AHB3EnableClock
                0x08000d40                RCC_AHB3DisableClock
                0x08000d74                RCC_APB1EnableClock
                0x08000da4                RCC_APB1DisableClock
                0x08000dd8                RCC_APB2EnableClock
                0x08000e08                RCC_APB2DisableClock
 .text          0x08000e3c       0x84 Startup.o
                0x08000e3c                RTC_Alarm_IRQHandler
                0x08000e3c                EXTI2_IRQHandler
                0x08000e3c                TIM8_CC_IRQHandler
                0x08000e3c                DebugMon_Handler
                0x08000e3c                FMPI2C1_EV_IRQHandler
                0x08000e3c                SPI4_IRQHandler
                0x08000e3c                TIM1_CC_IRQHandler
                0x08000e3c                DMA2_Stream5_IRQHandler
                0x08000e3c                HardFault_Handler
                0x08000e3c                DMA1_Stream5_IRQHandler
                0x08000e3c                PVD_IRQHandler
                0x08000e3c                SDIO_IRQHandler
                0x08000e3c                TAMP_STAMP_IRQHandler
                0x08000e3c                PendSV_Handler
                0x08000e3c                NMI_Handler
                0x08000e3c                CAN2_RX1_IRQHandler
                0x08000e3c                EXTI3_IRQHandler
                0x08000e3c                TIM1_UP_TIM10_IRQHandler
                0x08000e3c                TIM8_UP_TIM13_IRQHandler
                0x08000e3c                I2C3_ER_IRQHandler
                0x08000e3c                EXTI0_IRQHandler
                0x08000e3c                I2C2_EV_IRQHandler
                0x08000e3c                DMA1_Stream2_IRQHandler
                0x08000e3c                CAN1_RX0_IRQHandler
                0x08000e3c                FPU_IRQHandler
                0x08000e3c                OTG_HS_WKUP_IRQHandler
                0x08000e3c                UsageFault_Handler
                0x08000e3c                CAN2_SCE_IRQHandler
                0x08000e3c                DMA2_Stream2_IRQHandler
                0x08000e3c                SPI1_IRQHandler
                0x08000e3c                TIM6_DAC_IRQHandler
                0x08000e3c                TIM1_BRK_TIM9_IRQHandler
                0x08000e3c                DCMI_IRQHandler
                0x08000e3c                CAN2_RX0_IRQHandler
                0x08000e3c                DMA2_Stream3_IRQHandler
                0x08000e3c                SAI2_IRQHandler
                0x08000e3c                USART6_IRQHandler
                0x08000e3c                TIM1_TRG_COM_TIM11_IRQHandl
                0x08000e3c                USART3_IRQHandler
                0x08000e3c                SAI1_IRQHandler
                0x08000e3c                TIM8_TRG_COM_TIM14_IRQHandl
                0x08000e3c                CAN1_RX1_IRQHandler
                0x08000e3c                UART5_IRQHandler
                0x08000e3c                DMA2_Stream0_IRQHandler
                0x08000e3c                TIM4_IRQHandler
                0x08000e3c                QUADSPI_IRQHandler
                0x08000e3c                I2C1_EV_IRQHandler
                0x08000e3c                DMA1_Stream6_IRQHandler
                0x08000e3c                DMA1_Stream1_IRQHandler
                0x08000e3c                UART4_IRQHandler
                0x08000e3c                TIM3_IRQHandler
                0x08000e3c                RCC_IRQHandler
                0x08000e3c                TIM8_BRK_TIM12_IRQHandler
                0x08000e3c                Default_Handler
                0x08000e3c                CEC_IRQHandler
                0x08000e3c                EXTI15_10_IRQHandler
                0x08000e3c                ADC_IRQHandler
                0x08000e3c                DMA1_Stream7_IRQHandler
                0x08000e3c                TIM7_IRQHandler
                0x08000e3c                CAN2_TX_IRQHandler
                0x08000e3c                TIM5_IRQHandler
                0x08000e3c                DMA2_Stream7_IRQHandler
                0x08000e3c                I2C3_EV_IRQHandler
                0x08000e3c                EXTI9_5_IRQHandler
                0x08000e3c                RTC_WKUP_IRQHandler
                0x08000e3c                SPDIF_RX_IRQHandler
                0x08000e3c                SPI2_IRQHandler
                0x08000e3c                OTG_HS_EP1_IN_IRQHandler
                0x08000e3c                MemManage_Handler
                0x08000e3c                DMA1_Stream0_IRQHandler
                0x08000e3c                CAN1_TX_IRQHandler
                0x08000e3c                SVC_Handler
                0x08000e3c                FMPI2C1_ER_IRQHandler
                0x08000e3c                EXTI4_IRQHandler
                0x08000e3c                OTG_HS_EP1_OUT_IRQHandler
                0x08000e3c                WWDG_IRQHandler
                0x08000e3c                TIM2_IRQHandler
                0x08000e3c                OTG_FS_WKUP_IRQHandler
                0x08000e3c                OTG_HS_IRQHandler
                0x08000e3c                EXTI1_IRQHandler
                0x08000e3c                USART2_IRQHandler
                0x08000e3c                I2C2_ER_IRQHandler
                0x08000e3c                DMA2_Stream1_IRQHandler
                0x08000e3c                CAN1_SCE_IRQHandler
                0x08000e3c                FLASH_IRQHandler
                0x08000e3c                DMA2_Stream4_IRQHandler
                0x08000e3c                BusFault_Handler
                0x08000e3c                USART1_IRQHandler
                0x08000e3c                OTG_FS_IRQHandler
                0x08000e3c                SPI3_IRQHandler
                0x08000e3c                DMA1_Stream4_IRQHandler
                0x08000e3c                I2C1_ER_IRQHandler
                0x08000e3c                FMC_IRQHandler
                0x08000e3c                DMA2_Stream6_IRQHandler
                0x08000e3c                DMA1_Stream3_IRQHandler
                0x08000e42                Reset_Handler
 *(.rodata)
                0x08000ec0                . = ALIGN (0x4)
                0x08000ec0                _etext = .

.glue_7         0x08000ec0        0x0
 .glue_7        0x08000ec0        0x0 linker stubs

.glue_7t        0x08000ec0        0x0
 .glue_7t       0x08000ec0        0x0 linker stubs

.vfp11_veneer   0x08000ec0        0x0
 .vfp11_veneer  0x08000ec0        0x0 linker stubs

.v4_bx          0x08000ec0        0x0
 .v4_bx         0x08000ec0        0x0 linker stubs

.iplt           0x08000ec0        0x0
 .iplt          0x08000ec0        0x0 main.o

.rel.dyn        0x08000ec0        0x0
 .rel.iplt      0x08000ec0        0x0 main.o

.data           0x20000000        0x0 load address 0x08000ec0
                0x20000000                _sdata = .
 *(sdata)
                0x20000000                . = ALIGN (0x4)
                0x20000000                _edata = .
 .data          0x20000000        0x0 main.o
 .data          0x20000000        0x0 GPIO_Prog.o
 .data          0x20000000        0x0 SysTick_Prog.o
 .data          0x20000000        0x0 RCC_Prog.o
 .data          0x20000000        0x0 Startup.o

.igot.plt       0x20000000        0x0 load address 0x08000ec0
 .igot.plt      0x20000000        0x0 main.o

.bss            0x20000000        0x8 load address 0x08000ec0
                0x20000000                _sbss = .
 *(sbss)
                0x20000000                . = ALIGN (0x4)
                0x20000000                _ebss = .
 .bss           0x20000000        0x0 main.o
 .bss           0x20000000        0x0 GPIO_Prog.o
 .bss           0x20000000        0x8 SysTick_Prog.o
 .bss           0x20000008        0x0 RCC_Prog.o
 .bss           0x20000008        0x0 Startup.o
OUTPUT(AboSalama.elf elf32-littlearm)
LOAD linker stubs

.comment        0x00000000       0x49
 .comment       0x00000000       0x49 main.o
                                 0x4a (size before relaxing)
 .comment       0x00000049       0x4a GPIO_Prog.o
 .comment       0x00000049       0x4a SysTick_Prog.o
 .comment       0x00000049       0x4a RCC_Prog.o
 .comment       0x00000049       0x4a Startup.o

.ARM.attributes
                0x00000000       0x2e
 .ARM.attributes
                0x00000000       0x2e main.o
 .ARM.attributes
                0x0000002e       0x2e GPIO_Prog.o
 .ARM.attributes
                0x0000005c       0x2e SysTick_Prog.o
 .ARM.attributes
                0x0000008a       0x2e RCC_Prog.o
 .ARM.attributes
                0x000000b8       0x2e Startup.o
